[jcp.org/en/jsr/detail6bfb.html]
[github.com/hibernate/hibernate-search.html]
[en.wikibooks.org/wiki/Java_Persistence/What_is_JPA/_.5.delayed]
[lucene.apache.org/core/index.html]
[dept-info.labri.fr/_strandh/Teaching/PFS/Common/Strandh-Tutorial/top-down-programming.html]
[dept-info.labri.fr/_strandh/Teaching/PFS/Common/Strandh-Tutorial/bottom-up-programming.html]
[www.objectmentor.com/resources/articles/srp.pdf]
[www.objectmentor.com/resources/articles/ocp.pdf]
[wiki.apache.org/solr/Solrj.html]
[maven.apache.org/index.html]
[stackoverflow.com/tags/jpa/info.html]
[www.eclipse.org/eclipselink/index.html]
[openjpa.apache.org/index.html]
[msdn.microsoft.com/en-us/library/5ybdbtte(v=vs.71).html]
[www.oracle.com/technetwork/java/javaee/tech/index.html]
[www.lucenetutorial.com/basic-concepts.html]
[lucene.apache.org/solr/index.html]
[wiki.apache.org/solr/SolrSecurity.html]
[cwiki.apache.org/confluence/display/solr/Core-Specific+Tools.html]
[jcp.org/en/jsr/detailec01.html]
[cwiki.apache.org/confluence/display/solr/Introduction+to+Scaling+and+Distribution.html]
[www.postgresql.org/docs/9.1/static/sql-createtrigger.html]
[www.postgresql.org/docs/9.1/static/sql-truncate.html]
[backblue.gif]
[fade.gif]
[index.html]
[jcp.org/en/jsr/summary6bfb]
[github.com/Hotware/Hibernate-Search-GenericJPA.html]
[jcp.org/en/jsr/detail6bfb.html]
[jcp.org/images/button_go.gif]
[jcp.org/images/spacer.gif]
[jcp.org/images/hr_dots1.gif]
[jcp.org/images/hd_find-jsrs.gif]
[jcp.org/en/jsr/platform.html]
[jcp.org/en/jsr/tech.html]
[www.javaworld.com/article/2077817/java-se/understanding-jpa-part-1-the-object-oriented-paradigm-of-data-persistence.html]
[jcp.org/en/jsr/stage.html]
[jcp.org/en/jsr/ec.html]
[jcp.org/images/hd_my-jcp.gif]
[jcp.org/images/global/spacer.gif]
[jcp.org/images/hd_jcp-info.gif]
[jcp.org/images/common/trans.gif]
[jcp.org/images/ad_banner2.gif]
[jcp.org/images/global/bar_green.gif]
[jcp.org/en/jsr/proposalDetails6bfb.html]
[jcp.org/en/jsr/results8cf8.html]
[jcp.org/en/jsr/resultsff4e.html]
[jcp.org/en/jsr/resultsd67f.html]
[jcp.org/images/jsr/stars-final-sml-anim-ir.gif]
[www.javaworld.com/www.idge.jvw/images/JVW_logo_300x300.png]
[www.javaworld.com/www.idge.jvw/touchicon_144.gif]
[www.javaworld.com/www.idge.jvw/touchicon_114.gif]
[www.javaworld.com/www.idge.jvw/touchicon_72.gif]
[www.javaworld.com/www.idge.jvw/touchicon_57.gif]
[www.javaworld.com/www.idge/js/jquery/jquery-1.10.2.min.js]
[www.javaworld.com/www/js/ads/gpt_includesa081.js]
[www.javaworld.com/www/js/ads/proximica081.js]
[www.javaworld.com/www.idge/js/thm_prea081.js]
[www.javaworld.com/www/js/swfobjecta081.js]
[jcp.org/images/common/logo_oracle_footer.gif]
[www.javaworld.com/www.idge/js/mule/modernizra081.js]
[www.javaworld.com/www.idge/js/mule/respond.mina081.js]
[www.javaworld.com/www/js/analytics/eloqua/elqCfg.js]
[www.javaworld.com/www/js/analytics/eloqua/elqImg.js]
[static.jboss.org/images/hibernate/apple-touch-icon-114x114-precomposed.55.delayed]
[www.javaworld.com/www/js/analytics/eloqua/elqFCS.js]
[www.javaworld.com/www/js/analytics/eloqua/elqScr.js]
[www.javaworld.com/www/js/analytics/eloqua/elqIDG.js]
[www.javaworld.com/article/2077817/java-se/category/build-ci-sdlc/index.html]
[idge.staticworld.net/jvw/javaworld-logo-print.png]
[www.javaworld.com/www/js/video/embedder.js]
[cdn.gigya.com/JS/socialize95f5.js]
[www.javaworld.com/www/js/jquery/jquery-uia081.js]
[www.javaworld.com/www/js/jquery/jquery.dfp.mina081.js]
[www.javaworld.com/www.idge/js/FTScroller_pluginsa081.js]
[www.javaworld.com/www.idge/js/mule/shortstack_nava081.js]
[www.javaworld.com/www.idge/js/jquery/jt-scrollable.mina081.js]
[www.javaworld.com/www/js/jquery/jquery.timeagoa081.js]
[www.javaworld.com/www/js/analytics/trackinga081.js]
[www.javaworld.com/www/js/autocompletea081.js]
[www.javaworld.com/www.idge/js/social_sidecara081.js]
[www.javaworld.com/www/js/carousel-extenda081.js]
[www.javaworld.com/www.idge/js/jquery/plugins/jquery.colorbox-mina081.js]
[www.javaworld.com/www.idge/js/articlea081.js]
[www.javaworld.com/www/js/prettifya081.js]
[www.javaworld.com/www.idge/js/jquery/responsive-tablesa081.js]
[www.javaworld.com/www.idge/js/jquery/jquery.tablesorter.mina081.js]
[www.javaworld.com/www/js/jquery/jquery.lazyload.mina081.js]
[www.javaworld.com/www.idge/js/globala081.js]
[www.javaworld.com/www/js/webfonts/ss-sociala081.js]
[www.javaworld.com/www/js/webfonts/ss-standarda081.js]
[www.javaworld.com/www/js/analytics/brandAnalytics.js]
[www.javaworld.com/www/js/jquery/jquery.cookie.js]
[crypto-js.googlecode.com/svn/tags/3.1.2/build/rollups/md5.js]
[www.javaworld.com/www/js/analytics/idg_bk_coreapia081.js]
[www.javaworld.com/www/js/ads/jquery.lazyload-ada081.js]
[www.javaworld.com/www.idge/js/analytics/s_codea081.js]
[static.jboss.org/images/hibernate/apple-touch-icon-72x72-precomposed.56.delayed]
[static.jboss.org/images/hibernate/apple-touch-icon-144x144-precomposed.html]
[www.google.com/recaptcha/api.js]
[jcp.org/en/jsr/all.html]
[static.jboss.org/images/hibernate/apple-touch-icon-precomposed.57.delayed]
[static.jboss.org/images/hibernate/hibernate-banner-1180px.58.delayed]
[static.jboss.org/images/hibernate/hibernate-logo.59.delayed]
[static.jboss.org/theme/images/common/socialmedia_icon40_twitter.png]
[static.jboss.org/hibernate/images/hibernate_logo_whitebkg_200px.png]
[static.jboss.org/theme/images/common/socialmedia_icon40_googleplus.png]
[hibernate.org/search/index.html]
[static.jboss.org/theme/images/common/redhat_logo.png]
[static.jboss.org/theme/images/common/jbossbadge.png]
[www.google-analytics.com/analytics.js]
[hibernate.org/javascripts/bootstrap-community.min.js]
[github.com/fluidicon.png]
[github.com/apple-touch-icon-114.png]
[github.com/apple-touch-icon-144.png]
[github.com/windows-tile.png]
[github.com/hibernate/hibernate-search/commits/master.atom]
[github.com/hibernate/hibernate-search/watchers.html]
[github.com/hibernate/hibernate-search/stargazers.html]
[github.com/hibernate/hibernate-search/branches.76.delayed]
[github.com/hibernate/hibernate-search.html]
[github.com/hibernate/hibernate-search/network.html]
[github.com/hibernate/hibernate-search/pulls.html]
[github.com/hibernate/hibernate-search/pulse.html]
[assets-cdn.github.com/images/spinners/octocat-spinner-32.gif]
[github.com/hibernate/hibernate-search/graphs/contributors.html]
[github.com/hibernate/hibernate-search/commits/master.html]
[hibernate.org/search/faq/index.html]
[github.com/hibernate/hibernate-search/releases.html]
[github.com/hibernate/hibernate-search/searche530.html]
[github.com/hibernate/hibernate-search/show_partialf7a2.html]
[github.com/hibernate/hibernate-search/find/master.html]
[github.com/hibernate/hibernate-search/compare.html]
[github.com/hibernate/hibernate-search/tree/3.html]
[github.com/hibernate/hibernate-search/tree/3-3.html]
[github.com/hibernate/hibernate-search/tree/3-2.html]
[lucene.apache.org/core/index.html]
[github.com/hibernate/hibernate-search/tree/4.html]
[github.com/hibernate/hibernate-search/tree/4-2.html]
[github.com/hibernate/hibernate-search/tree/4-3.html]
[github.com/hibernate/hibernate-search/tree/4-4.html]
[github.com/hibernate/hibernate-search/tree/4-5.html]
[github.com/hibernate/hibernate-search/tree/4-6.html]
[github.com/hibernate/hibernate-search/tree/5.html]
[github.com/hibernate/hibernate-search/tree/5-2.html]
[github.com/hibernate/hibernate-search/tree/5-3.html]
[wiki.apache.org/solr/Solrj.html]
[github.com/hibernate/hibernate-search/tree/5-4.html]
[github.com/hibernate/hibernate-search/tree/master.html]
[github.com/hibernate/hibernate-search/tree/5.5.0.html]
[github.com/hibernate/hibernate-search/tree/5.5.0-2.html]
[github.com/hibernate/hibernate-search/tree/5.4.0.html]
[github.com/hibernate/hibernate-search/tree/5.4.0-2.html]
[github.com/hibernate/hibernate-search/tree/5.4.0-3.html]
[github.com/hibernate/hibernate-search/tree/5.4.0-4.html]
[github.com/hibernate/hibernate-search/tree/5.3.0.html]
[github.com/hibernate/hibernate-search/tree/5.3.0-2.html]
[github.com/hibernate/hibernate-search/tree/5.3.0-3.html]
[github.com/hibernate/hibernate-search/tree/5.3.0-4.html]
[github.com/hibernate/hibernate-search/tree/5.2.0.html]
[github.com/hibernate/hibernate-search/tree/5.2.0-2.html]
[github.com/hibernate/hibernate-search/tree/5.1.2.html]
[github.com/hibernate/hibernate-search/tree/5.1.1.html]
[github.com/hibernate/hibernate-search/tree/5.1.0.html]
[github.com/hibernate/hibernate-search/tree/5.0.1.html]
[github.com/hibernate/hibernate-search/tree/5.0.0.html]
[github.com/hibernate/hibernate-search/tree/5.0.0-2.html]
[github.com/hibernate/hibernate-search/tree/5.0.0-3.html]
[github.com/hibernate/hibernate-search/tree/5.0.0-4.html]
[github.com/hibernate/hibernate-search/tree/5.0.0-5.html]
[github.com/hibernate/hibernate-search/tree/5.0.0-6.html]
[github.com/hibernate/hibernate-search/tree/5.0.0-7.html]
[github.com/hibernate/hibernate-search/tree/5.0.0-8.html]
[github.com/hibernate/hibernate-search/tree/5.0.0-9.html]
[github.com/hibernate/hibernate-search/tree/5.0.0-10.html]
[github.com/hibernate/hibernate-search/tree/5.0.0-11.html]
[github.com/hibernate/hibernate-search/tree/5.0.0-12.html]
[xkcd.com/927/index.html]
[github.com/hibernate/hibernate-search/tree/5.0.0-13.html]
[github.com/hibernate/hibernate-search/tree/4.5.3.html]
[github.com/hibernate/hibernate-search/tree/4.5.2.html]
[github.com/hibernate/hibernate-search/tree/4.5.1.html]
[dept-info.labri.fr/_strandh/Teaching/PFS/Common/Strandh-Tutorial/top-down-programming.html]
[github.com/hibernate/hibernate-search/tree/4.5.0.html]
[github.com/hibernate/hibernate-search/tree/4.5.0-2.html]
[dept-info.labri.fr/_strandh/Teaching/PFS/Common/Strandh-Tutorial/bottom-up-programming.html]
[github.com/hibernate/hibernate-search/tree/4.5.0-3.html]
[github.com/hibernate/hibernate-search/tree/4.5.0-4.html]
[github.com/hibernate/hibernate-search/tree/4.4.6.html]
[github.com/hibernate/hibernate-search/tree/4.4.5.html]
[github.com/hibernate/hibernate-search/tree/4.4.4.html]
[github.com/hibernate/hibernate-search/tree/4.4.3.html]
[github.com/hibernate/hibernate-search/tree/4.4.2.html]
[github.com/hibernate/hibernate-search/tree/4.4.1.html]
[github.com/hibernate/hibernate-search/tree/4.4.0.html]
[maven.apache.org/index.html]
[github.com/hibernate/hibernate-search/tree/4.4.0-2.html]
[github.com/hibernate/hibernate-search/tree/4.4.0-3.html]
[github.com/hibernate/hibernate-search/tree/4.4.0-4.html]
[www.oracle.com/technetwork/java/javase/jdbc/index.html]
[github.com/hibernate/hibernate-search/tree/4.4.0-5.html]
[github.com/hibernate/hibernate-search/tree/4.3.0.html]
[github.com/hibernate/hibernate-search/tree/4.3.0-2.html]
[github.com/hibernate/hibernate-search/tree/4.3.0-3.html]
[github.com/hibernate/hibernate-search/tree/4.3.0-4.html]
[github.com/hibernate/hibernate-search/tree/4.2.0.html]
[github.com/hibernate/hibernate-search/tree/4.2.0-2.html]
[github.com/hibernate/hibernate-search/tree/4.2.0-4.html]
[github.com/hibernate/hibernate-search/tree/4.1.1.html]
[github.com/hibernate/hibernate-search/tree/4.2.0-3.html]
[github.com/hibernate/hibernate-search/tree/4.1.1-2.html]
[github.com/hibernate/hibernate-search/tree/4.1.0.html]
[github.com/hibernate/hibernate-search/tree/4.1.0-2.html]
[github.com/hibernate/hibernate-search/tree/4.1.0-3.html]
[github.com/hibernate/hibernate-search/tree/4.1.0-4.html]
[github.com/hibernate/hibernate-search/tree/4.1.0-5.html]
[github.com/hibernate/hibernate-search/tree/4.1.0-6.html]
[github.com/hibernate/hibernate-search/tree/4.1.0-7.html]
[github.com/hibernate/hibernate-search/tree/4.0.0.html]
[github.com/hibernate/hibernate-search/tree/4.0.0-4.html]
[github.com/hibernate/hibernate-search/tree/4.0.0-2.html]
[github.com/hibernate/hibernate-search/tree/4.0.0-3.html]
[github.com/hibernate/hibernate-search/tree/4.0.0-5.html]
[github.com/hibernate/hibernate-search/tree/4.0.0-6.html]
[github.com/hibernate/hibernate-search/tree/4.0.0-7.html]
[github.com/hibernate/hibernate-search/tree/3.4.2.html]
[github.com/hibernate/hibernate-search/tree/3.4.1.html]
[github.com/hibernate/hibernate-search/tree/3.4.0.html]
[github.com/hibernate/hibernate-search/tree/3.4.0-2.html]
[github.com/hibernate/hibernate-search/tree/3.4.0-3.html]
[github.com/hibernate/hibernate-search/tree/3.4.0-4.html]
[github.com/hibernate/hibernate-search/tree/3.4.0-5.html]
[github.com/hibernate/hibernate-search/tree/3.3.0.html]
[github.com/hibernate/hibernate-search/tree/3.3.0-2.html]
[github.com/hibernate/hibernate-search/tree/3.3.0-3.html]
[github.com/hibernate/hibernate-search/tree/3.3.0-4.html]
[github.com/hibernate/hibernate-search/tree/3.3.0-5.html]
[github.com/hibernate/hibernate-search/tree/3.3.0-6.html]
[github.com/hibernate/hibernate-search/tree/3.3.0-7.html]
[github.com/hibernate/hibernate-search/commit/e3bae012ca92d7a31b96c85fe70eb808b67cc81c.html]
[github.com/hibernate/hibernate-search/tree/master/backends.html]
[github.com/hibernate/hibernate-search/tree/e3bae012ca92d7a31b96c85fe70eb808b67cc81c.html]
[github.com/hibernate/hibernate-search/tree/master/build-config.html]
[github.com/hibernate/hibernate-search/tree/master/distribution.html]
[github.com/hibernate/hibernate-search/tree/master/documentation.html]
[github.com/hibernate/hibernate-search/tree/master/engine.html]
[github.com/hibernate/hibernate-search/tree/master/infinispan.html]
[github.com/hibernate/hibernate-search/tree/master/integrationtest.html]
[github.com/hibernate/hibernate-search/tree/master/legacy.html]
[github.com/hibernate/hibernate-search/tree/master/modules.html]
[github.com/hibernate/hibernate-search/tree/master/orm.html]
[github.com/hibernate/hibernate-search/tree/master/serialization/avro.html]
[github.com/hibernate/hibernate-search/tree/master/testing.html]
[github.com/hibernate/hibernate-search/blob/master/.html]
[github.com/hibernate/hibernate-search/commit/d69bc1ff06e6cd5ef2d8dedc55ea21f26d3fc0cb.html]
[github.com/hibernate/hibernate-search/blob/master/-2.html]
[github.com/hibernate/hibernate-search/commit/543a9b1a9b86c22a3f4ad005ae6500fedaa83b67.html]
[github.com/hibernate/hibernate-search/blob/master/README.html]
[github.com/hibernate/hibernate-search/commit/46e78bc38a44226575c466b266bcc046877f87bb.html]
[github.com/hibernate/hibernate-search/blob/master/changelog.html]
[github.com/hibernate/hibernate-search/commit/c2a64e668840f6abc651bf19b7a77d3c8283c94c.html]
[github.com/hibernate/hibernate-search/blob/master/copyright.html]
[msdn.microsoft.com/en-us/library/aa301869(v=vs.71).167.delayed]
[github.com/hibernate/hibernate-search/blob/master/lgpl.html]
[github.com/hibernate/hibernate-search/commit/97ba85d2ac0f54a7e6ae03fac703471122fbc552.html]
[github.com/hibernate/hibernate-search/blob/master/pom.html]
[assets-cdn.github.com/assets/frameworks-06e65f5639cc52d1aaada53115a54614b60fa90ab446a673e3e1818df167663b.js]
[github.com/hibernate/hibernate-search/commit/67d12dbeb5ee5014b0c8f370a73589a667981c6e.html]
[github.com/hibernate/hibernate-search/blob/master/settings-example.html]
[assets-cdn.github.com/assets/github-6486b386f2ea8e61e35e6f68b6e5506fa17aed1c385b528ece57088cf14a1459.js]
[lucene.apache.org/css/global.css]
[lucene.apache.org/css/core.css]
[lucene.apache.org/scripts/prototype.js]
[lucene.apache.org/scripts/effects.js]
[msdn.microsoft.com/en-us/library/aa292872(v=vs.71).168.delayed]
[lucene.apache.org/scripts/search.js]
[lucene.apache.org/scripts/slides.js]
[lucene.apache.org/images/lucene_logo_green_300.png]
[lucene.apache.org/core/index-2.html]
[lucene.apache.org/core/corenews.html]
[lucene.apache.org/core/downloads.html]
[msdn.microsoft.com/en-us/library/feedback/add/5ybdbtte(v=vs.71).16a.delayed]
[lucene.apache.org/core/discussion.html]
[lucene.apache.org/core/documentation.html]
[m.webtrends.com/dcsmgru7m99k7mqmgrhudo0k8_8c6m/njs6f73.gif]
[msdn.microsoft.com/en-us/library/5ybdbtte(v=vs.71).html]
[lucene.apache.org/core/quickstart.html]
[lucene.apache.org/images/mantle-lucene.png]
[lucene.apache.org/images/mantle-power.png]
[lucene.apache.org/images/mantle-innovation.png]
[lucene.apache.org/core/mirrors-core-latest-redird41d.html]
[lucene.apache.org/core/developer.html]
[lucene.apache.org/core/features.html]
[lucene.apache.org/core/systemreqs.html]
[lucene.apache.org/core/5_3_0/index.html]
[xkcd.com/1350/jquery.min.js]
[xkcd.com/static/json2.js]
[imgs.xkcd.com/static/terrible_small_logo.png]
[imgs.xkcd.com/store/te-news.png]
[imgs.xkcd.com/comics/standards.png]
[imgs.xkcd.com/s/a899e84.jpg]
[dept-info.labri.fr/_strandh/Teaching/PFS/Common/Strandh-Tutorial/glossary.html]
[dept-info.labri.fr/_strandh/Teaching/PFS/Common/Strandh-Tutorial/building-specialized-languages.html]
[dept-info.labri.fr/_strandh/Teaching/PFS/Common/Strandh-Tutorial/syntax.html]
[maven.apache.org/css/apache-maven-fluido-1.4.min.css]
[maven.apache.org/css/site.css]
[maven.apache.org/css/print.css]
[maven.apache.org/js/apache-maven-fluido-1.4.min.js]
[lucene.apache.org/images/mantle-asf.png]
[maven.apache.org/images/apache-maven-project.png]
[maven.apache.org/index-2.html]
[www.google-analytics.com/urchin.js]
[maven.apache.org/download.html]
[maven.apache.org/configure.html]
[maven.apache.org/install.html]
[maven.apache.org/run.html]
[maven.apache.org/ide.html]
[maven.apache.org/what-is-maven.html]
[maven.apache.org/maven-features.html]
[maven.apache.org/general.html]
[maven.apache.org/support-and-training.html]
[maven.apache.org/plugins/index.html]
[maven.apache.org/guides/index.html]
[maven.apache.org/run-maven/index.html]
[maven.apache.org/users/index.html]
[maven.apache.org/plugin-developers/index.html]
[maven.apache.org/repository/index.html]
[maven.apache.org/developers/index.html]
[maven.apache.org/articles.html]
[maven.apache.org/security.html]
[maven.apache.org/community.html]
[maven.apache.org/guides/development/guide-helping.html]
[maven.apache.org/guides/mini/guide-maven-evangelism.html]
[maven.apache.org/users/getting-help.html]
[maven.apache.org/issue-tracking.html]
[maven.apache.org/source-repository.html]
[maven.apache.org/team-list.html]
[maven.apache.org/project-info.html]
[maven.apache.org/mail-lists.html]
[maven.apache.org/integration.html]
[maven.apache.org/ant-tasks/index.html]
[maven.apache.org/images/maven-logo-black-on-white.png]
[maven.apache.org/archetype/index.html]
[maven.apache.org/doxia/index.html]
[stackoverflow.com/tags/jpa/info.html]
[maven.apache.org/jxr/index.html]
[maven.apache.org/ref/3.3.3/index.html]
[maven.apache.org/plugin-testing/index.html]
[maven.apache.org/pom/index.html]
[maven.apache.org/plugin-tools/index.html]
[maven.apache.org/apache-resource-bundles/index.html]
[maven.apache.org/scm/index.html]
[maven.apache.org/shared/index.html]
[maven.apache.org/skins/index.html]
[maven.apache.org/surefire/index.html]
[maven.apache.org/wagon/index.html]
[hibernate.org/ogm/index.html]
[apis.google.com/js/plusone.js]
[maven.apache.org/archives/maven-1.x/index.html]
[maven.apache.org/images/logos/maven-feather.png]
[maven.apache.org/archives/maven-2.x/index.html]
[www.oracle.com/ocom/fragments/externalnavtabstop/receiver.js]
[www.eclipse.org/eclipselink/index.html]
[www.oracle.com/us/assets/jquery.js]
[www.oracle.com/us/assets/oraclelib-mosaic.js]
[www.oracleimg.com/us/assets/rightarrow-066625.gif]
[www.oracle.com/ocom/groups/systemobject/@mktg_admin/@ocom_admin/documents/digitalasset/email.gif]
[www.oracle.com/ocom/groups/systemobject/@mktg_admin/@ocom_admin/documents/digitalasset/print_icon.gif]
[www.oracleimg.com/us/assets/metrics/ora_otn.js]
[jcp.org/en/jsr/summary.1a0ec01.delayed]
[jcp.org/en/jsr/detailec01.html]
[i-msdn.sec.s-msft.com/Areas/Centers/Themes/StandardDevCenter/Content/Images/profile9728.jpg]
[msdn.microsoft.com/en-us/library/5ybdbtte(v=vs.90).html]
[openjpa.apache.org/index.html]
[msdn.microsoft.com/en-us/library/aa973739(v=vs.71).html]
[msdn.microsoft.com/en-us/library/k1s94fta(v=vs.71).html]
[msdn.microsoft.com/en-us/library/aa984058(v=vs.71).html]
[msdn.microsoft.com/en-us/library/wzabh8c4(v=vs.71).html]
[msdn.microsoft.com/en-us/library/wxt2cwcc(v=vs.71).html]
[msdn.microsoft.com/en-us/library/aa984327(v=vs.71).html]
[msdn.microsoft.com/en-us/library/s4yys16a(v=vs.71).html]
[msdn.microsoft.com/en-us/library/aa984313(v=vs.71).html]
[i-msdn.sec.s-msft.com/Areas/Epx/Content/Images/ImageSprite61af.png]
[msdn.microsoft.com/en-us/library/xexk8kx3(v=vs.71).html]
[msdn.microsoft.com/en-us/library/5ybdbtte(v=vs.80).html]
[msdn.microsoft.com/en-us/library/aa291801(v=vs.71).html]
[msdn.microsoft.com/en-us/library/system.data.oledb.oledbdataadapter(v=vs.71).html]
[msdn.microsoft.com/en-us/library/system.data.oledb.oledbcommand(v=vs.71).html]
[msdn.microsoft.com/en-us/library/system.data.oledb.oledbconnection(v=vs.71).html]
[msdn.microsoft.com/en-us/library/79t8s5dk(v=vs.71).html]
[msdn.microsoft.com/en-us/library/aa720705(v=vs.71).html]
[msdn.microsoft.com/en-us/library/8s3saad7(v=vs.71).html]
[www.oracle.com/technetwork/java/javaee/tech/index.html]
[www.w3schools.com/sql/sql_like.html]
[www.lucenetutorial.com/basic-concepts.html]
[lucene.apache.org/solr/index.html]
[wiki.apache.org/solr/SolrSecurity.html]
[cwiki.apache.org/confluence/display/solr/Core-Specific+Tools.html]
[www.elastichq.org/index.html]
[cwiki.apache.org/confluence/display/solr/Introduction+to+Scaling+and+Distribution.html]
[mvnrepository.com/artifact/org.hibernate/hibernate-search-engine/5.3.0.html]
[hibernate.org/search/roadmap/index.html]
[docs.jboss.org/hibernate/search/5.5/api/index.html]
[hibernate.org/search/documentation/index.html]
[msdn.microsoft.com/en-us/library/swf006xc(v=vs.71).html]
[msdn.microsoft.com/en-us/library/system.data.oledb.oledbconnection.connectionstring(v=vs.71).html]
