[jcp.org/en/jsr/detail6bfb.html]
[lucene.apache.org/core/index.html]
[github.com/hibernate/hibernate-search.html]
[dept-info.labri.fr/_strandh/Teaching/PFS/Common/Strandh-Tutorial/top-down-programming.html]
[en.wikibooks.org/wiki/Java_Persistence/What_is_JPA/_.5.delayed]
[dept-info.labri.fr/_strandh/Teaching/PFS/Common/Strandh-Tutorial/bottom-up-programming.html]
[www.objectmentor.com/resources/articles/srp.pdf]
[www.objectmentor.com/resources/articles/ocp.pdf]
[wiki.apache.org/solr/Solrj.html]
[maven.apache.org/index.html]
[www.oracle.com/technetwork/java/javase/jdbc/index.html]
[stackoverflow.com/tags/jpa/info.html]
[www.eclipse.org/eclipselink/index.html]
[msdn.microsoft.com/en-us/library/5ybdbtte(v=vs.71).html]
[openjpa.apache.org/index.html]
[www.oracle.com/technetwork/java/javaee/tech/index.html]
[lucene.apache.org/solr/index.html]
[www.lucenetutorial.com/basic-concepts.html]
[wiki.apache.org/solr/SolrSecurity.html]
[jcp.org/en/jsr/detailec01.html]
[cwiki.apache.org/confluence/display/solr/Core-Specific+Tools.html]
[cwiki.apache.org/confluence/display/solr/Introduction+to+Scaling+and+Distribution.html]
[backblue.gif]
[fade.gif]
[index.html]
[jcp.org/en/jsr/detail6bfb.html]
[www.javaworld.com/article/2077817/java-se/understanding-jpa-part-1-the-object-oriented-paradigm-of-data-persistence.html]
[hibernate.org/search/index.html]
[github.com/Hotware/Hibernate-Search-GenericJPA.html]
[github.com/hibernate/hibernate-search.html]
[hibernate.org/search/faq/index.html]
[lucene.apache.org/core/index.html]
[wiki.apache.org/solr/Solrj.html]
[xkcd.com/927/index.html]
[dept-info.labri.fr/_strandh/Teaching/PFS/Common/Strandh-Tutorial/top-down-programming.html]
[dept-info.labri.fr/_strandh/Teaching/PFS/Common/Strandh-Tutorial/bottom-up-programming.html]
[maven.apache.org/index.html]
[www.oracle.com/technetwork/java/javase/jdbc/index.html]
[msdn.microsoft.com/en-us/library/5ybdbtte(v=vs.71).html]
[stackoverflow.com/tags/jpa/info.html]
[hibernate.org/ogm/index.html]
[www.eclipse.org/eclipselink/index.html]
[jcp.org/en/jsr/detailec01.html]
[openjpa.apache.org/index.html]
[www.oracle.com/technetwork/java/javaee/tech/index.html]
[www.w3schools.com/sql/sql_like.html]
[www.lucenetutorial.com/basic-concepts.html]
[lucene.apache.org/solr/index.html]
[wiki.apache.org/solr/SolrSecurity.html]
[cwiki.apache.org/confluence/display/solr/Core-Specific+Tools.html]
[www.elastichq.org/index.html]
[cwiki.apache.org/confluence/display/solr/Introduction+to+Scaling+and+Distribution.html]
[mvnrepository.com/artifact/org.hibernate/hibernate-search-engine/5.3.0.html]
[hibernate.org/search/roadmap/index.html]
[docs.jboss.org/hibernate/search/5.5/api/index.html]
[hibernate.org/search/documentation/index.html]
[docs.jboss.org/hibernate/search/5.4/reference/en-US/html_single/index.html]
[www.postgresql.org/docs/9.1/static/sql-createtrigger.html]
[hsqldb.org/doc/guide/triggers-chapt.html]
[www.firebirdsql.org/refdocs/langrefupd21-ddl-trigger.html]
[www.postgresql.org/docs/9.1/static/sql-truncate.html]
[www.firebirdsql.org/en/sql-conformance/index.html]
[github.com/Hotware/Hibernate-Search-GenericJPA.html]
